// Jest Snapshot v1, https://goo.gl/fbAQLP

exports[`Hue renders correctly 1`] = `
<div
  className="hue-picker "
  style={
    Object {
      "height": "16px",
      "position": "relative",
      "width": "316px",
    }
  }
>
  <div
    style={
      Object {
        "MozBorderRadius": "2px",
        "MozBoxShadow": undefined,
        "OBorderRadius": "2px",
        "OBoxShadow": undefined,
        "WebkitBorderRadius": "2px",
        "WebkitBoxShadow": undefined,
        "borderRadius": "2px",
        "bottom": "0px",
        "boxShadow": undefined,
        "left": "0px",
        "msBorderRadius": "2px",
        "msBoxShadow": undefined,
        "position": "absolute",
        "right": "0px",
        "top": "0px",
      }
    }
  >
    <div
      className="hue-horizontal"
      onMouseDown={[Function]}
      onTouchMove={[Function]}
      onTouchStart={[Function]}
      style={
        Object {
          "height": "100%",
          "padding": "0 2px",
          "position": "relative",
        }
      }
    >
      <style>
        
                    .hue-horizontal {
                      background: linear-gradient(to right, #f00 0%, #ff0 17%, #0f0
                        33%, #0ff 50%, #00f 67%, #f0f 83%, #f00 100%);
                      background: -webkit-linear-gradient(to right, #f00 0%, #ff0
                        17%, #0f0 33%, #0ff 50%, #00f 67%, #f0f 83%, #f00 100%);
                    }
        
                    .hue-vertical {
                      background: linear-gradient(to top, #f00 0%, #ff0 17%, #0f0 33%,
                        #0ff 50%, #00f 67%, #f0f 83%, #f00 100%);
                      background: -webkit-linear-gradient(to top, #f00 0%, #ff0 17%,
                        #0f0 33%, #0ff 50%, #00f 67%, #f0f 83%, #f00 100%);
                    }
                  
      </style>
      <div
        style={
          Object {
            "left": "69.44444444444443%",
            "position": "absolute",
          }
        }
      >
        <div
          style={
            Object {
              "MozBorderRadius": "50%",
              "MozBoxShadow": "0 1px 4px 0 rgba(0, 0, 0, 0.37)",
              "MozTransform": "translate(-9px, -1px)",
              "OBorderRadius": "50%",
              "OBoxShadow": "0 1px 4px 0 rgba(0, 0, 0, 0.37)",
              "OTransform": "translate(-9px, -1px)",
              "WebkitBorderRadius": "50%",
              "WebkitBoxShadow": "0 1px 4px 0 rgba(0, 0, 0, 0.37)",
              "WebkitTransform": "translate(-9px, -1px)",
              "backgroundColor": "rgb(248, 248, 248)",
              "borderRadius": "50%",
              "boxShadow": "0 1px 4px 0 rgba(0, 0, 0, 0.37)",
              "height": "18px",
              "msBorderRadius": "50%",
              "msBoxShadow": "0 1px 4px 0 rgba(0, 0, 0, 0.37)",
              "msTransform": "translate(-9px, -1px)",
              "transform": "translate(-9px, -1px)",
              "width": "18px",
            }
          }
        />
      </div>
    </div>
  </div>
</div>
`;

exports[`Hue renders vertically 1`] = `
<div
  className="hue-picker "
  style={
    Object {
      "height": 200,
      "position": "relative",
      "width": 20,
    }
  }
>
  <div
    style={
      Object {
        "MozBorderRadius": "2px",
        "MozBoxShadow": undefined,
        "OBorderRadius": "2px",
        "OBoxShadow": undefined,
        "WebkitBorderRadius": "2px",
        "WebkitBoxShadow": undefined,
        "borderRadius": "2px",
        "bottom": "0px",
        "boxShadow": undefined,
        "left": "0px",
        "msBorderRadius": "2px",
        "msBoxShadow": undefined,
        "position": "absolute",
        "right": "0px",
        "top": "0px",
      }
    }
  >
    <div
      className="hue-vertical"
      onMouseDown={[Function]}
      onTouchMove={[Function]}
      onTouchStart={[Function]}
      style={
        Object {
          "height": "100%",
          "padding": "0 2px",
          "position": "relative",
        }
      }
    >
      <style>
        
                    .hue-horizontal {
                      background: linear-gradient(to right, #f00 0%, #ff0 17%, #0f0
                        33%, #0ff 50%, #00f 67%, #f0f 83%, #f00 100%);
                      background: -webkit-linear-gradient(to right, #f00 0%, #ff0
                        17%, #0f0 33%, #0ff 50%, #00f 67%, #f0f 83%, #f00 100%);
                    }
        
                    .hue-vertical {
                      background: linear-gradient(to top, #f00 0%, #ff0 17%, #0f0 33%,
                        #0ff 50%, #00f 67%, #f0f 83%, #f00 100%);
                      background: -webkit-linear-gradient(to top, #f00 0%, #ff0 17%,
                        #0f0 33%, #0ff 50%, #00f 67%, #f0f 83%, #f00 100%);
                    }
                  
      </style>
      <div
        style={
          Object {
            "left": "0px",
            "position": "absolute",
            "top": "30.55555555555557%",
          }
        }
      >
        <div
          style={
            Object {
              "MozBorderRadius": "50%",
              "MozBoxShadow": "0 1px 4px 0 rgba(0, 0, 0, 0.37)",
              "MozTransform": "translate(-3px, -9px)",
              "OBorderRadius": "50%",
              "OBoxShadow": "0 1px 4px 0 rgba(0, 0, 0, 0.37)",
              "OTransform": "translate(-3px, -9px)",
              "WebkitBorderRadius": "50%",
              "WebkitBoxShadow": "0 1px 4px 0 rgba(0, 0, 0, 0.37)",
              "WebkitTransform": "translate(-3px, -9px)",
              "backgroundColor": "rgb(248, 248, 248)",
              "borderRadius": "50%",
              "boxShadow": "0 1px 4px 0 rgba(0, 0, 0, 0.37)",
              "height": "18px",
              "msBorderRadius": "50%",
              "msBoxShadow": "0 1px 4px 0 rgba(0, 0, 0, 0.37)",
              "msTransform": "translate(-3px, -9px)",
              "transform": "translate(-3px, -9px)",
              "width": "18px",
            }
          }
        />
      </div>
    </div>
  </div>
</div>
`;

exports[`HuePointer renders correctly 1`] = `
<div
  style={
    Object {
      "MozBorderRadius": "50%",
      "MozBoxShadow": "0 1px 4px 0 rgba(0, 0, 0, 0.37)",
      "MozTransform": "translate(-9px, -1px)",
      "OBorderRadius": "50%",
      "OBoxShadow": "0 1px 4px 0 rgba(0, 0, 0, 0.37)",
      "OTransform": "translate(-9px, -1px)",
      "WebkitBorderRadius": "50%",
      "WebkitBoxShadow": "0 1px 4px 0 rgba(0, 0, 0, 0.37)",
      "WebkitTransform": "translate(-9px, -1px)",
      "backgroundColor": "rgb(248, 248, 248)",
      "borderRadius": "50%",
      "boxShadow": "0 1px 4px 0 rgba(0, 0, 0, 0.37)",
      "height": "18px",
      "msBorderRadius": "50%",
      "msBoxShadow": "0 1px 4px 0 rgba(0, 0, 0, 0.37)",
      "msTransform": "translate(-9px, -1px)",
      "transform": "translate(-9px, -1px)",
      "width": "18px",
    }
  }
/>
`;
